mode: set
messenger/internal/store/messages.go:39.50,43.2 1 1
messenger/internal/store/messages.go:45.84,46.64 1 1
messenger/internal/store/messages.go:46.64,48.3 1 0
messenger/internal/store/messages.go:49.2,55.17 6 1
messenger/internal/store/messages.go:58.110,59.26 1 1
messenger/internal/store/messages.go:59.26,61.3 1 0
messenger/internal/store/messages.go:62.2,62.16 1 1
messenger/internal/store/messages.go:62.16,64.3 1 0
messenger/internal/store/messages.go:66.2,70.20 4 1
messenger/internal/store/messages.go:70.20,72.3 1 1
messenger/internal/store/messages.go:74.2,74.23 1 1
messenger/internal/store/messages.go:74.23,76.3 1 1
messenger/internal/store/messages.go:78.2,80.17 3 1
messenger/internal/store/messages.go:83.83,84.20 1 1
messenger/internal/store/messages.go:84.20,86.3 1 0
messenger/internal/store/messages.go:88.2,91.37 3 1
messenger/internal/store/messages.go:91.37,93.28 2 1
messenger/internal/store/messages.go:93.28,94.50 1 1
messenger/internal/store/messages.go:94.50,96.5 1 0
messenger/internal/store/messages.go:98.3,98.25 1 1
messenger/internal/store/messages.go:98.25,100.12 2 1
messenger/internal/store/messages.go:102.3,102.30 1 0
messenger/internal/store/messages.go:104.2,104.12 1 1
messenger/internal/store/messages.go:107.98,108.20 1 1
messenger/internal/store/messages.go:108.20,110.3 1 0
messenger/internal/store/messages.go:112.2,116.37 4 1
messenger/internal/store/messages.go:116.37,117.28 1 1
messenger/internal/store/messages.go:117.28,118.50 1 1
messenger/internal/store/messages.go:118.50,120.10 2 1
messenger/internal/store/messages.go:125.2,126.30 2 1
messenger/internal/store/messages.go:126.30,128.3 1 1
messenger/internal/store/messages.go:129.2,129.17 1 1
messenger/internal/store/messages.go:132.118,133.54 1 1
messenger/internal/store/messages.go:133.54,135.3 1 0
messenger/internal/store/messages.go:136.2,136.16 1 1
messenger/internal/store/messages.go:136.16,138.3 1 0
messenger/internal/store/messages.go:140.2,146.32 5 1
messenger/internal/store/messages.go:146.32,147.39 1 1
messenger/internal/store/messages.go:147.39,149.50 2 1
messenger/internal/store/messages.go:149.50,150.13 1 0
messenger/internal/store/messages.go:152.4,152.59 1 1
messenger/internal/store/messages.go:152.59,154.26 2 1
messenger/internal/store/messages.go:154.26,156.6 1 0
messenger/internal/store/messages.go:160.2,160.17 1 1
messenger/internal/store/messages.go:163.84,164.13 1 1
messenger/internal/store/messages.go:164.13,166.3 1 0
messenger/internal/store/messages.go:168.2,171.32 3 1
messenger/internal/store/messages.go:171.32,172.28 1 1
messenger/internal/store/messages.go:172.28,173.20 1 1
messenger/internal/store/messages.go:173.20,175.5 1 1
messenger/internal/store/messages.go:178.2,178.38 1 1
messenger/internal/store/messages.go:181.79,182.13 1 1
messenger/internal/store/messages.go:182.13,184.3 1 0
messenger/internal/store/messages.go:186.2,189.37 3 1
messenger/internal/store/messages.go:189.37,190.28 1 1
messenger/internal/store/messages.go:190.28,191.20 1 1
messenger/internal/store/messages.go:191.20,193.23 2 1
messenger/internal/store/messages.go:193.23,195.6 1 0
messenger/internal/store/messages.go:195.11,197.6 1 1
messenger/internal/store/messages.go:198.5,198.15 1 1
messenger/internal/store/messages.go:202.2,202.27 1 0
messenger/internal/store/postgres.go:18.102,19.23 1 0
messenger/internal/store/postgres.go:19.23,21.3 1 0
messenger/internal/store/postgres.go:23.2,24.16 2 0
messenger/internal/store/postgres.go:24.16,26.3 1 0
messenger/internal/store/postgres.go:28.2,29.46 2 0
messenger/internal/store/postgres.go:29.46,32.3 2 0
messenger/internal/store/postgres.go:34.2,34.19 1 0
messenger/internal/store/postgres.go:37.40,38.19 1 0
messenger/internal/store/postgres.go:38.19,40.3 1 0
messenger/internal/store/postgres.go:43.88,44.64 1 0
messenger/internal/store/postgres.go:44.64,46.3 1 0
messenger/internal/store/postgres.go:48.2,53.16 2 0
messenger/internal/store/postgres.go:53.16,55.3 1 0
messenger/internal/store/postgres.go:56.2,56.17 1 0
messenger/internal/store/postgres.go:59.114,60.26 1 0
messenger/internal/store/postgres.go:60.26,62.3 1 0
messenger/internal/store/postgres.go:63.2,63.16 1 0
messenger/internal/store/postgres.go:63.16,65.3 1 0
messenger/internal/store/postgres.go:67.2,74.16 2 0
messenger/internal/store/postgres.go:74.16,76.3 1 0
messenger/internal/store/postgres.go:77.2,80.18 3 0
messenger/internal/store/postgres.go:80.18,82.105 2 0
messenger/internal/store/postgres.go:82.105,84.4 1 0
messenger/internal/store/postgres.go:85.3,85.25 1 0
messenger/internal/store/postgres.go:87.2,87.35 1 0
messenger/internal/store/postgres.go:87.35,89.3 1 0
messenger/internal/store/postgres.go:92.2,92.52 1 0
messenger/internal/store/postgres.go:92.52,94.3 1 0
messenger/internal/store/postgres.go:95.2,95.17 1 0
messenger/internal/store/postgres.go:98.87,99.20 1 0
messenger/internal/store/postgres.go:99.20,101.3 1 0
messenger/internal/store/postgres.go:103.2,107.12 2 0
messenger/internal/store/postgres.go:110.102,111.20 1 0
messenger/internal/store/postgres.go:111.20,113.3 1 0
messenger/internal/store/postgres.go:115.2,122.16 2 0
messenger/internal/store/postgres.go:122.16,124.3 1 0
messenger/internal/store/postgres.go:125.2,128.18 3 0
messenger/internal/store/postgres.go:128.18,130.44 2 0
messenger/internal/store/postgres.go:130.44,132.4 1 0
messenger/internal/store/postgres.go:133.3,133.28 1 0
messenger/internal/store/postgres.go:135.2,135.35 1 0
messenger/internal/store/postgres.go:135.35,137.3 1 0
messenger/internal/store/postgres.go:138.2,138.17 1 0
messenger/internal/store/postgres.go:141.122,142.54 1 0
messenger/internal/store/postgres.go:142.54,144.3 1 0
messenger/internal/store/postgres.go:145.2,145.16 1 0
messenger/internal/store/postgres.go:145.16,147.3 1 0
messenger/internal/store/postgres.go:149.2,157.16 2 0
messenger/internal/store/postgres.go:157.16,159.3 1 0
messenger/internal/store/postgres.go:160.2,163.18 3 0
messenger/internal/store/postgres.go:163.18,165.105 2 0
messenger/internal/store/postgres.go:165.105,167.4 1 0
messenger/internal/store/postgres.go:168.3,168.25 1 0
messenger/internal/store/postgres.go:170.2,170.35 1 0
messenger/internal/store/postgres.go:170.35,172.3 1 0
messenger/internal/store/postgres.go:173.2,173.17 1 0
messenger/internal/store/postgres.go:176.88,177.13 1 0
messenger/internal/store/postgres.go:177.13,179.3 1 0
messenger/internal/store/postgres.go:181.2,187.16 3 0
messenger/internal/store/postgres.go:187.16,188.36 1 0
messenger/internal/store/postgres.go:188.36,190.4 1 0
messenger/internal/store/postgres.go:191.3,191.24 1 0
messenger/internal/store/postgres.go:193.2,193.17 1 0
messenger/internal/store/postgres.go:196.83,197.13 1 0
messenger/internal/store/postgres.go:197.13,199.3 1 0
messenger/internal/store/postgres.go:200.2,203.16 2 0
messenger/internal/store/postgres.go:203.16,205.3 1 0
messenger/internal/store/postgres.go:206.2,206.29 1 0
messenger/internal/store/postgres.go:206.29,208.3 1 0
messenger/internal/store/postgres.go:209.2,209.12 1 0
messenger/internal/store/postgres.go:212.70,226.2 2 0
messenger/internal/store/postgres_users.go:17.96,18.23 1 0
messenger/internal/store/postgres_users.go:18.23,20.3 1 0
messenger/internal/store/postgres_users.go:22.2,23.16 2 0
messenger/internal/store/postgres_users.go:23.16,25.3 1 0
messenger/internal/store/postgres_users.go:27.2,28.46 2 0
messenger/internal/store/postgres_users.go:28.46,31.3 2 0
messenger/internal/store/postgres_users.go:33.2,33.19 1 0
messenger/internal/store/postgres_users.go:36.37,37.19 1 0
messenger/internal/store/postgres_users.go:37.19,39.3 1 0
messenger/internal/store/postgres_users.go:42.74,43.71 1 0
messenger/internal/store/postgres_users.go:43.71,45.3 1 0
messenger/internal/store/postgres_users.go:47.2,51.16 2 0
messenger/internal/store/postgres_users.go:51.16,53.54 2 0
messenger/internal/store/postgres_users.go:53.54,55.4 1 0
messenger/internal/store/postgres_users.go:56.3,56.13 1 0
messenger/internal/store/postgres_users.go:58.2,58.12 1 0
messenger/internal/store/postgres_users.go:61.85,62.20 1 0
messenger/internal/store/postgres_users.go:62.20,64.3 1 0
messenger/internal/store/postgres_users.go:66.2,72.16 3 0
messenger/internal/store/postgres_users.go:72.16,73.36 1 0
messenger/internal/store/postgres_users.go:73.36,75.4 1 0
messenger/internal/store/postgres_users.go:76.3,76.21 1 0
messenger/internal/store/postgres_users.go:78.2,78.18 1 0
messenger/internal/store/postgres_users.go:81.80,82.20 1 0
messenger/internal/store/postgres_users.go:82.20,84.3 1 0
messenger/internal/store/postgres_users.go:86.2,89.16 2 0
messenger/internal/store/postgres_users.go:89.16,91.3 1 0
messenger/internal/store/postgres_users.go:92.2,92.29 1 0
messenger/internal/store/postgres_users.go:92.29,94.3 1 0
messenger/internal/store/postgres_users.go:95.2,95.12 1 0
messenger/internal/store/postgres_users.go:98.98,100.17 2 0
messenger/internal/store/postgres_users.go:100.17,102.3 1 0
messenger/internal/store/postgres_users.go:103.2,103.16 1 0
messenger/internal/store/postgres_users.go:103.16,105.3 1 0
messenger/internal/store/postgres_users.go:107.2,114.16 2 0
messenger/internal/store/postgres_users.go:114.16,116.3 1 0
messenger/internal/store/postgres_users.go:117.2,120.18 3 0
messenger/internal/store/postgres_users.go:120.18,122.119 2 0
messenger/internal/store/postgres_users.go:122.119,124.4 1 0
messenger/internal/store/postgres_users.go:125.3,125.26 1 0
messenger/internal/store/postgres_users.go:127.2,127.35 1 0
messenger/internal/store/postgres_users.go:127.35,129.3 1 0
messenger/internal/store/postgres_users.go:130.2,130.17 1 0
messenger/internal/store/postgres_users.go:133.103,135.25 2 0
messenger/internal/store/postgres_users.go:135.25,137.3 1 0
messenger/internal/store/postgres_users.go:139.2,144.16 2 0
messenger/internal/store/postgres_users.go:144.16,146.3 1 0
messenger/internal/store/postgres_users.go:147.2,149.18 2 0
messenger/internal/store/postgres_users.go:149.18,151.119 2 0
messenger/internal/store/postgres_users.go:151.119,153.4 1 0
messenger/internal/store/postgres_users.go:154.3,154.28 1 0
messenger/internal/store/postgres_users.go:156.2,156.35 1 0
messenger/internal/store/postgres_users.go:156.35,158.3 1 0
messenger/internal/store/postgres_users.go:159.2,159.17 1 0
messenger/internal/store/postgres_users.go:162.67,181.2 2 0
messenger/internal/store/postgres_users.go:183.139,184.20 1 0
messenger/internal/store/postgres_users.go:184.20,186.3 1 0
messenger/internal/store/postgres_users.go:188.2,200.16 3 0
messenger/internal/store/postgres_users.go:200.16,201.36 1 0
messenger/internal/store/postgres_users.go:201.36,203.4 1 0
messenger/internal/store/postgres_users.go:204.3,204.21 1 0
messenger/internal/store/postgres_users.go:206.2,206.18 1 0
messenger/internal/store/users.go:42.44,46.2 1 1
messenger/internal/store/users.go:48.70,49.71 1 1
messenger/internal/store/users.go:49.71,51.3 1 0
messenger/internal/store/users.go:53.2,56.49 3 1
messenger/internal/store/users.go:56.49,58.3 1 0
messenger/internal/store/users.go:60.2,61.12 2 1
messenger/internal/store/users.go:64.81,65.20 1 1
messenger/internal/store/users.go:65.20,67.3 1 0
messenger/internal/store/users.go:69.2,73.9 4 1
messenger/internal/store/users.go:73.9,75.3 1 1
messenger/internal/store/users.go:76.2,76.18 1 0
messenger/internal/store/users.go:79.76,80.20 1 1
messenger/internal/store/users.go:80.20,82.3 1 0
messenger/internal/store/users.go:84.2,87.37 3 1
messenger/internal/store/users.go:87.37,89.3 1 0
messenger/internal/store/users.go:90.2,91.12 2 1
messenger/internal/store/users.go:94.94,96.17 2 1
messenger/internal/store/users.go:96.17,98.3 1 0
messenger/internal/store/users.go:99.2,99.16 1 1
messenger/internal/store/users.go:99.16,101.3 1 0
messenger/internal/store/users.go:103.2,109.31 5 1
messenger/internal/store/users.go:109.31,110.63 1 1
messenger/internal/store/users.go:110.63,112.4 1 1
messenger/internal/store/users.go:114.2,114.38 1 1
messenger/internal/store/users.go:114.38,116.3 1 0
messenger/internal/store/users.go:117.2,117.22 1 1
messenger/internal/store/users.go:117.22,119.3 1 0
messenger/internal/store/users.go:120.2,120.17 1 1
messenger/internal/store/users.go:123.99,125.25 2 1
messenger/internal/store/users.go:125.25,127.3 1 0
messenger/internal/store/users.go:129.2,132.37 3 1
messenger/internal/store/users.go:132.37,133.40 1 1
messenger/internal/store/users.go:133.40,135.4 1 1
messenger/internal/store/users.go:137.2,137.17 1 1
messenger/internal/store/users.go:140.135,141.20 1 1
messenger/internal/store/users.go:141.20,143.3 1 0
messenger/internal/store/users.go:145.2,149.9 4 1
messenger/internal/store/users.go:149.9,151.3 1 0
messenger/internal/store/users.go:152.2,152.21 1 1
messenger/internal/store/users.go:152.21,154.3 1 1
messenger/internal/store/users.go:155.2,155.20 1 1
messenger/internal/store/users.go:155.20,157.3 1 0
messenger/internal/store/users.go:158.2,158.21 1 1
messenger/internal/store/users.go:158.21,160.3 1 1
messenger/internal/store/users.go:161.2,161.22 1 1
messenger/internal/store/users.go:161.22,163.3 1 1
messenger/internal/store/users.go:164.2,165.18 2 1
messenger/internal/auth/auth.go:31.53,36.2 1 1
messenger/internal/auth/auth.go:38.105,40.38 2 1
messenger/internal/auth/auth.go:40.38,42.3 1 0
messenger/internal/auth/auth.go:43.2,47.43 4 1
messenger/internal/auth/auth.go:47.43,49.3 1 0
messenger/internal/auth/auth.go:51.2,61.67 2 1
messenger/internal/auth/auth.go:61.67,62.42 1 1
messenger/internal/auth/auth.go:62.42,64.4 1 1
messenger/internal/auth/auth.go:65.3,65.13 1 0
messenger/internal/auth/auth.go:67.2,67.12 1 1
messenger/internal/auth/auth.go:70.68,72.38 2 1
messenger/internal/auth/auth.go:72.38,74.3 1 1
messenger/internal/auth/auth.go:76.2,77.16 2 1
messenger/internal/auth/auth.go:77.16,78.44 1 1
messenger/internal/auth/auth.go:78.44,80.4 1 1
messenger/internal/auth/auth.go:81.3,81.17 1 0
messenger/internal/auth/auth.go:83.2,83.24 1 1
messenger/internal/auth/auth.go:83.24,85.3 1 0
messenger/internal/auth/auth.go:87.2,88.53 2 1
messenger/internal/auth/auth.go:88.53,90.3 1 1
messenger/internal/auth/auth.go:92.2,93.16 2 1
messenger/internal/auth/auth.go:93.16,95.3 1 0
messenger/internal/auth/auth.go:97.2,100.19 4 1
messenger/internal/auth/auth.go:103.65,108.2 4 1
messenger/internal/auth/auth.go:110.49,111.17 1 1
messenger/internal/auth/auth.go:111.17,113.3 1 0
messenger/internal/auth/auth.go:114.2,116.15 3 1
messenger/internal/auth/auth.go:119.77,120.20 1 1
messenger/internal/auth/auth.go:120.20,122.3 1 0
messenger/internal/auth/auth.go:123.2,123.54 1 1
messenger/internal/auth/auth.go:123.54,125.3 1 0
messenger/internal/auth/auth.go:127.2,128.29 2 1
messenger/internal/auth/auth.go:128.29,129.20 1 1
messenger/internal/auth/auth.go:129.20,131.4 1 1
messenger/internal/auth/auth.go:133.2,134.12 2 1
messenger/internal/auth/auth.go:137.56,140.2 2 1
messenger/internal/auth/auth.go:142.33,144.42 2 1
messenger/internal/auth/auth.go:144.42,146.3 1 0
messenger/internal/auth/auth.go:147.2,147.55 1 1
messenger/internal/grpcapi/server.go:35.103,42.2 1 1
messenger/internal/grpcapi/server.go:44.106,45.30 1 1
messenger/internal/grpcapi/server.go:45.30,47.3 1 1
messenger/internal/grpcapi/server.go:48.2,55.16 1 1
messenger/internal/grpcapi/server.go:55.16,57.3 1 0
messenger/internal/grpcapi/server.go:58.2,58.30 1 1
messenger/internal/grpcapi/server.go:61.112,63.16 2 1
messenger/internal/grpcapi/server.go:63.16,65.3 1 1
messenger/internal/grpcapi/server.go:66.2,66.54 1 1
messenger/internal/grpcapi/server.go:69.95,71.16 2 1
messenger/internal/grpcapi/server.go:71.16,73.3 1 0
messenger/internal/grpcapi/server.go:75.2,75.61 1 1
messenger/internal/grpcapi/server.go:75.61,77.3 1 0
messenger/internal/grpcapi/server.go:78.2,78.63 1 1
messenger/internal/grpcapi/server.go:78.63,80.3 1 0
messenger/internal/grpcapi/server.go:81.2,81.17 1 1
messenger/internal/grpcapi/server.go:81.17,83.3 1 1
messenger/internal/grpcapi/server.go:84.2,85.30 2 1
messenger/internal/grpcapi/server.go:88.116,90.16 2 1
messenger/internal/grpcapi/server.go:90.16,92.3 1 1
messenger/internal/grpcapi/server.go:94.2,95.18 2 1
messenger/internal/grpcapi/server.go:95.18,97.3 1 1
messenger/internal/grpcapi/server.go:99.2,100.16 2 1
messenger/internal/grpcapi/server.go:100.16,101.44 1 0
messenger/internal/grpcapi/server.go:101.44,103.4 1 0
messenger/internal/grpcapi/server.go:104.3,104.69 1 0
messenger/internal/grpcapi/server.go:106.2,106.35 1 1
messenger/internal/grpcapi/server.go:109.122,111.16 2 1
messenger/internal/grpcapi/server.go:111.16,113.3 1 0
messenger/internal/grpcapi/server.go:115.2,123.16 2 1
messenger/internal/grpcapi/server.go:123.16,124.44 1 0
messenger/internal/grpcapi/server.go:124.44,126.4 1 0
messenger/internal/grpcapi/server.go:127.3,127.40 1 0
messenger/internal/grpcapi/server.go:127.40,129.4 1 0
messenger/internal/grpcapi/server.go:130.3,130.71 1 0
messenger/internal/grpcapi/server.go:133.2,135.21 3 1
messenger/internal/grpcapi/server.go:138.130,139.49 1 1
messenger/internal/grpcapi/server.go:139.49,141.3 1 0
messenger/internal/grpcapi/server.go:143.2,144.16 2 1
messenger/internal/grpcapi/server.go:144.16,145.40 1 0
messenger/internal/grpcapi/server.go:145.40,147.4 1 0
messenger/internal/grpcapi/server.go:148.3,148.69 1 0
messenger/internal/grpcapi/server.go:151.2,152.29 2 1
messenger/internal/grpcapi/server.go:152.29,154.3 1 1
messenger/internal/grpcapi/server.go:155.2,155.60 1 1
messenger/internal/grpcapi/server.go:158.123,160.16 2 1
messenger/internal/grpcapi/server.go:160.16,162.3 1 1
messenger/internal/grpcapi/server.go:164.2,165.16 2 1
messenger/internal/grpcapi/server.go:165.16,167.3 1 0
messenger/internal/grpcapi/server.go:169.2,171.31 3 1
messenger/internal/grpcapi/server.go:171.31,173.10 2 1
messenger/internal/grpcapi/server.go:173.10,174.12 1 0
messenger/internal/grpcapi/server.go:176.3,177.30 2 1
messenger/internal/grpcapi/server.go:180.2,181.29 2 1
messenger/internal/grpcapi/server.go:181.29,183.3 1 1
messenger/internal/grpcapi/server.go:184.2,185.16 2 1
messenger/internal/grpcapi/server.go:185.16,187.3 1 0
messenger/internal/grpcapi/server.go:189.2,190.31 2 1
messenger/internal/grpcapi/server.go:190.31,192.10 2 1
messenger/internal/grpcapi/server.go:192.10,193.12 1 0
messenger/internal/grpcapi/server.go:195.3,199.5 1 1
messenger/internal/grpcapi/server.go:201.2,201.64 1 1
messenger/internal/grpcapi/server.go:204.118,206.16 2 1
messenger/internal/grpcapi/server.go:206.16,208.3 1 0
messenger/internal/grpcapi/server.go:209.2,209.65 1 1
messenger/internal/grpcapi/server.go:209.65,211.3 1 0
messenger/internal/grpcapi/server.go:213.2,221.16 3 1
messenger/internal/grpcapi/server.go:221.16,222.40 1 0
messenger/internal/grpcapi/server.go:222.40,224.4 1 0
messenger/internal/grpcapi/server.go:225.3,225.69 1 0
messenger/internal/grpcapi/server.go:228.2,231.17 4 1
messenger/internal/grpcapi/server.go:234.130,236.16 2 1
messenger/internal/grpcapi/server.go:236.16,238.3 1 0
messenger/internal/grpcapi/server.go:240.2,241.68 2 1
messenger/internal/grpcapi/server.go:241.68,243.3 1 1
messenger/internal/grpcapi/server.go:244.2,244.18 1 1
messenger/internal/grpcapi/server.go:244.18,246.3 1 0
messenger/internal/grpcapi/server.go:248.2,249.16 2 1
messenger/internal/grpcapi/server.go:249.16,250.40 1 0
messenger/internal/grpcapi/server.go:250.40,252.4 1 0
messenger/internal/grpcapi/server.go:253.3,253.69 1 0
messenger/internal/grpcapi/server.go:256.2,257.27 2 1
messenger/internal/grpcapi/server.go:257.27,259.3 1 1
messenger/internal/grpcapi/server.go:260.2,260.60 1 1
messenger/internal/grpcapi/server.go:263.139,265.16 2 1
messenger/internal/grpcapi/server.go:265.16,267.3 1 0
messenger/internal/grpcapi/server.go:269.2,270.16 2 1
messenger/internal/grpcapi/server.go:270.16,271.40 1 0
messenger/internal/grpcapi/server.go:271.40,273.4 1 0
messenger/internal/grpcapi/server.go:274.3,274.72 1 0
messenger/internal/grpcapi/server.go:277.2,278.27 2 1
messenger/internal/grpcapi/server.go:278.27,280.3 1 1
messenger/internal/grpcapi/server.go:281.2,281.63 1 1
messenger/internal/grpcapi/server.go:284.116,286.16 2 1
messenger/internal/grpcapi/server.go:286.16,288.3 1 0
messenger/internal/grpcapi/server.go:289.2,289.29 1 1
messenger/internal/grpcapi/server.go:289.29,291.3 1 0
messenger/internal/grpcapi/server.go:293.2,294.16 2 1
messenger/internal/grpcapi/server.go:294.16,295.47 1 0
messenger/internal/grpcapi/server.go:295.47,297.4 1 0
messenger/internal/grpcapi/server.go:298.3,298.69 1 0
messenger/internal/grpcapi/server.go:300.2,300.26 1 1
messenger/internal/grpcapi/server.go:300.26,302.3 1 1
messenger/internal/grpcapi/server.go:304.2,304.74 1 1
messenger/internal/grpcapi/server.go:304.74,305.47 1 0
messenger/internal/grpcapi/server.go:305.47,307.4 1 0
messenger/internal/grpcapi/server.go:308.3,308.71 1 0
messenger/internal/grpcapi/server.go:311.2,312.30 2 1
messenger/internal/grpcapi/server.go:315.129,317.16 2 1
messenger/internal/grpcapi/server.go:317.16,319.3 1 0
messenger/internal/grpcapi/server.go:320.2,320.16 1 1
messenger/internal/grpcapi/server.go:320.16,322.3 1 0
messenger/internal/grpcapi/server.go:324.2,327.6 3 1
messenger/internal/grpcapi/server.go:327.6,328.10 1 1
messenger/internal/grpcapi/server.go:329.34,330.86 1 1
messenger/internal/grpcapi/server.go:330.86,332.5 1 0
messenger/internal/grpcapi/server.go:333.4,333.14 1 1
messenger/internal/grpcapi/server.go:334.24,335.18 1 1
messenger/internal/grpcapi/server.go:335.18,336.13 1 0
messenger/internal/grpcapi/server.go:338.4,338.43 1 1
messenger/internal/grpcapi/server.go:338.43,339.31 1 0
messenger/internal/grpcapi/server.go:339.31,341.6 1 0
messenger/internal/grpcapi/server.go:342.5,342.15 1 0
messenger/internal/grpcapi/server.go:348.94,350.9 2 1
messenger/internal/grpcapi/server.go:350.9,352.3 1 0
messenger/internal/grpcapi/server.go:354.2,355.58 2 1
messenger/internal/grpcapi/server.go:355.58,357.3 1 1
messenger/internal/grpcapi/server.go:358.2,358.17 1 1
messenger/internal/grpcapi/server.go:358.17,360.3 1 1
messenger/internal/grpcapi/server.go:361.2,361.17 1 1
messenger/internal/grpcapi/server.go:361.17,363.3 1 1
messenger/internal/grpcapi/server.go:365.2,366.9 2 1
messenger/internal/grpcapi/server.go:366.9,368.3 1 1
messenger/internal/grpcapi/server.go:369.2,369.29 1 1
messenger/internal/grpcapi/server.go:372.55,374.22 2 1
messenger/internal/grpcapi/server.go:374.22,376.3 1 1
messenger/internal/grpcapi/server.go:377.2,377.37 1 1
messenger/internal/grpcapi/server.go:380.34,381.9 1 1
messenger/internal/grpcapi/server.go:382.75,383.60 1 0
messenger/internal/grpcapi/server.go:384.42,385.66 1 0
messenger/internal/grpcapi/server.go:386.44,387.56 1 1
messenger/internal/grpcapi/server.go:388.45,389.63 1 1
messenger/internal/grpcapi/server.go:390.50,391.68 1 0
messenger/internal/grpcapi/server.go:392.10,393.56 1 0
messenger/internal/grpcapi/server.go:397.60,405.2 1 1
messenger/internal/grpcapi/server.go:407.63,416.2 1 1
messenger/internal/grpcapi/server.go:418.73,425.2 1 1
messenger/internal/grpcapi/server.go:427.77,434.2 1 1
messenger/internal/grpcapi/server.go:436.64,444.2 2 1
messenger/internal/grpcapi/server.go:446.94,456.2 1 1
messenger/internal/grpcapi/server.go:458.41,459.32 1 1
messenger/internal/grpcapi/server.go:459.32,461.3 1 1
messenger/internal/grpcapi/server.go:462.2,462.20 1 0
messenger/internal/grpcapi/server.go:465.77,467.21 2 1
messenger/internal/grpcapi/server.go:467.21,469.3 1 0
messenger/internal/grpcapi/server.go:470.2,470.26 1 1
messenger/internal/grpcapi/server.go:470.26,472.3 1 1
messenger/internal/grpcapi/server.go:473.2,473.26 1 0
messenger/internal/grpcapi/server.go:473.26,475.3 1 0
messenger/internal/grpcapi/server.go:476.2,476.18 1 0
messenger/internal/grpcapi/server.go:479.31,482.40 3 1
messenger/internal/grpcapi/server.go:482.40,484.3 1 0
messenger/internal/grpcapi/server.go:485.2,485.19 1 1
messenger/internal/grpcapi/server.go:485.19,487.3 1 1
messenger/internal/grpcapi/server.go:488.2,488.18 1 1
messenger/internal/grpcapi/server.go:496.30,500.2 1 1
messenger/internal/grpcapi/server.go:502.89,506.43 3 1
messenger/internal/grpcapi/server.go:506.43,508.3 1 1
messenger/internal/grpcapi/server.go:509.2,515.20 5 1
messenger/internal/grpcapi/server.go:515.20,517.50 2 1
messenger/internal/grpcapi/server.go:517.50,519.26 2 1
messenger/internal/grpcapi/server.go:519.26,521.5 1 1
messenger/internal/grpcapi/server.go:523.3,526.43 3 1
messenger/internal/grpcapi/server.go:530.52,537.2 5 1
messenger/internal/grpcapi/server.go:539.83,543.37 3 1
messenger/internal/grpcapi/server.go:543.37,544.43 1 1
messenger/internal/grpcapi/server.go:544.43,545.11 1 1
messenger/internal/grpcapi/server.go:546.19,546.19 0 1
messenger/internal/grpcapi/server.go:547.12,547.12 0 0
messenger/internal/grpcapi/server.go:553.61,557.41 3 1
messenger/internal/grpcapi/server.go:557.41,558.28 1 1
messenger/internal/grpcapi/server.go:558.28,559.11 1 1
messenger/internal/grpcapi/server.go:560.19,560.19 0 1
messenger/internal/grpcapi/server.go:561.12,561.12 0 0
messenger/internal/grpcapi/server.go:567.46,569.38 2 1
messenger/internal/grpcapi/server.go:569.38,571.3 1 1
messenger/internal/grpcapi/server.go:572.2,572.14 1 1
